<?xml version="1.0" encoding="utf-8"?>
<TestRun id="7f143b8a-b780-4e03-b23d-48237b542ec1" name="mirip@LUANTANGPC 2025-05-07 11:45:59" runUser="LUANTANGPC\mirip" xmlns="http://microsoft.com/schemas/VisualStudio/TeamTest/2010">
  <Times creation="2025-05-07T11:45:59.4969906+07:00" queuing="2025-05-07T11:45:59.4969911+07:00" start="2025-05-07T11:45:58.9606060+07:00" finish="2025-05-07T11:45:59.5342107+07:00" />
  <TestSettings name="default" id="5eae3282-d06f-4df7-b4be-779be64065dd">
    <Deployment runDeploymentRoot="mirip_LUANTANGPC_2025-05-07_11_45_59" />
  </TestSettings>
  <Results>
    <UnitTestResult executionId="a366aaa7-e802-48c8-bad8-b0af6819212c" testId="79886dd2-f24b-9f3d-8c46-e805cc897023" testName="EcommerceNashApp.Test.Tests.Services.UserServiceTests.GetUserByIdAsync_WhenUserExists_ReturnsUserResponse" computerName="LUANTANGPC" duration="00:00:00.0049675" startTime="2025-05-07T11:45:59.4744119+07:00" endTime="2025-05-07T11:45:59.4744119+07:00" testType="13cdc9d9-ddb5-4fa4-a97d-d965ccfc6d4b" outcome="Passed" testListId="8c84fa94-04c1-424b-9868-57a2d4851a1d" relativeResultsDirectory="a366aaa7-e802-48c8-bad8-b0af6819212c" />
    <UnitTestResult executionId="31a7788d-31f1-4740-8c2b-5d78ab2d71d7" testId="272f78c6-b0cf-a764-e84f-50ce3c933a80" testName="EcommerceNashApp.Test.Services.ProductServiceTests.GetProductByIdAsync_WhenProductNotFound_ThrowsAppException" computerName="LUANTANGPC" duration="00:00:00.0008991" startTime="2025-05-07T11:45:59.4753736+07:00" endTime="2025-05-07T11:45:59.4753737+07:00" testType="13cdc9d9-ddb5-4fa4-a97d-d965ccfc6d4b" outcome="Passed" testListId="8c84fa94-04c1-424b-9868-57a2d4851a1d" relativeResultsDirectory="31a7788d-31f1-4740-8c2b-5d78ab2d71d7" />
    <UnitTestResult executionId="e9d0b3df-dea4-4b6c-a99b-6af6c6543bb6" testId="1701b2a2-b423-83f6-4fff-d7503973787d" testName="EcommerceNashApp.Tests.Services.IdentityServiceTests.RefreshTokenAsync_WithExpiredToken_ThrowsAppException" computerName="LUANTANGPC" duration="00:00:00.0022718" startTime="2025-05-07T11:45:59.4744738+07:00" endTime="2025-05-07T11:45:59.4744738+07:00" testType="13cdc9d9-ddb5-4fa4-a97d-d965ccfc6d4b" outcome="Passed" testListId="8c84fa94-04c1-424b-9868-57a2d4851a1d" relativeResultsDirectory="e9d0b3df-dea4-4b6c-a99b-6af6c6543bb6" />
    <UnitTestResult executionId="77c971ca-559e-4f38-a8a9-a7cbd9f5eddd" testId="0b62b2fc-b945-39b9-a49b-4fa88f2efe37" testName="EcommerceNashApp.Test.Tests.Services.RatingServiceTests.CreateRatingAsync_WhenRatingExists_ThrowsAppException" computerName="LUANTANGPC" duration="00:00:00.0556679" startTime="2025-05-07T11:45:59.4544023+07:00" endTime="2025-05-07T11:45:59.4544023+07:00" testType="13cdc9d9-ddb5-4fa4-a97d-d965ccfc6d4b" outcome="Passed" testListId="8c84fa94-04c1-424b-9868-57a2d4851a1d" relativeResultsDirectory="77c971ca-559e-4f38-a8a9-a7cbd9f5eddd" />
    <UnitTestResult executionId="f7a6df8c-9fe4-4339-839d-d0ad4e6b791c" testId="8e9e58c7-361c-2fbc-856f-3b7f4d7832dc" testName="EcommerceNashApp.Test.Tests.Services.CategoryServiceTests.DeleteCategoryAsync_WhenCategoryHasSubCategories_ThrowsAppException" computerName="LUANTANGPC" duration="00:00:00.0551259" startTime="2025-05-07T11:45:59.4541784+07:00" endTime="2025-05-07T11:45:59.4541785+07:00" testType="13cdc9d9-ddb5-4fa4-a97d-d965ccfc6d4b" outcome="Passed" testListId="8c84fa94-04c1-424b-9868-57a2d4851a1d" relativeResultsDirectory="f7a6df8c-9fe4-4339-839d-d0ad4e6b791c" />
    <UnitTestResult executionId="f1f2074d-d175-481f-bb35-529109718bbb" testId="19c40da1-767a-50c3-9ba2-ae64668c00d3" testName="EcommerceNashApp.Test.Tests.Services.UserServiceTests.GetUsersAsync_ReturnsPagedList" computerName="LUANTANGPC" duration="00:00:00.0052885" startTime="2025-05-07T11:45:59.4755613+07:00" endTime="2025-05-07T11:45:59.4755613+07:00" testType="13cdc9d9-ddb5-4fa4-a97d-d965ccfc6d4b" outcome="Passed" testListId="8c84fa94-04c1-424b-9868-57a2d4851a1d" relativeResultsDirectory="f1f2074d-d175-481f-bb35-529109718bbb" />
    <UnitTestResult executionId="aa6242a3-7d9a-4533-a4e7-9a02bfc5c7a0" testId="ea288e57-3b24-e648-7477-1864f33a8bf0" testName="EcommerceNashApp.Test.Tests.Services.RatingServiceTests.CreateRatingAsync_WithValidRequest_ReturnsRatingResponse" computerName="LUANTANGPC" duration="00:00:00.0078157" startTime="2025-05-07T11:45:59.4754421+07:00" endTime="2025-05-07T11:45:59.4754421+07:00" testType="13cdc9d9-ddb5-4fa4-a97d-d965ccfc6d4b" outcome="Passed" testListId="8c84fa94-04c1-424b-9868-57a2d4851a1d" relativeResultsDirectory="aa6242a3-7d9a-4533-a4e7-9a02bfc5c7a0" />
    <UnitTestResult executionId="001c9324-8fc8-4eb3-9401-7587cc0e4775" testId="73cb8592-8a50-ca4d-ee1a-a75eb3ad3c9f" testName="EcommerceNashApp.Test.Services.ProductServiceTests.GetProductsAsync_ReturnsPagedList" computerName="LUANTANGPC" duration="00:00:00.0045304" startTime="2025-05-07T11:45:59.4755792+07:00" endTime="2025-05-07T11:45:59.4755792+07:00" testType="13cdc9d9-ddb5-4fa4-a97d-d965ccfc6d4b" outcome="Passed" testListId="8c84fa94-04c1-424b-9868-57a2d4851a1d" relativeResultsDirectory="001c9324-8fc8-4eb3-9401-7587cc0e4775" />
    <UnitTestResult executionId="471fa072-2d83-492b-99e1-3695eb7aff03" testId="aae55fbe-ef99-3e86-a8c5-47e8d958bb7d" testName="EcommerceNashApp.Tests.Services.IdentityServiceTests.RegisterAsync_WithValidRequest_ReturnsTokenResponse" computerName="LUANTANGPC" duration="00:00:00.0035586" startTime="2025-05-07T11:45:59.4781846+07:00" endTime="2025-05-07T11:45:59.4781847+07:00" testType="13cdc9d9-ddb5-4fa4-a97d-d965ccfc6d4b" outcome="Passed" testListId="8c84fa94-04c1-424b-9868-57a2d4851a1d" relativeResultsDirectory="471fa072-2d83-492b-99e1-3695eb7aff03" />
    <UnitTestResult executionId="89497af2-35ca-4278-9aa4-237255977c28" testId="dd4fb7d2-316d-e471-17eb-7ef98ef347e7" testName="EcommerceNashApp.Test.Tests.Services.CategoryServiceTests.GetCategoriesAsync_ReturnsPagedList" computerName="LUANTANGPC" duration="00:00:00.0068574" startTime="2025-05-07T11:45:59.4755418+07:00" endTime="2025-05-07T11:45:59.4755418+07:00" testType="13cdc9d9-ddb5-4fa4-a97d-d965ccfc6d4b" outcome="Passed" testListId="8c84fa94-04c1-424b-9868-57a2d4851a1d" relativeResultsDirectory="89497af2-35ca-4278-9aa4-237255977c28" />
    <UnitTestResult executionId="be09cb73-b122-4fb8-9441-1dd5ec69a8e5" testId="12994ba5-a83f-0cdb-669c-f31f26368661" testName="EcommerceNashApp.Test.Tests.Services.CategoryServiceTests.CreateCategoryAsync_WithValidRequest_ReturnsCategoryResponse" computerName="LUANTANGPC" duration="00:00:00.0029997" startTime="2025-05-07T11:45:59.4743827+07:00" endTime="2025-05-07T11:45:59.4743827+07:00" testType="13cdc9d9-ddb5-4fa4-a97d-d965ccfc6d4b" outcome="Passed" testListId="8c84fa94-04c1-424b-9868-57a2d4851a1d" relativeResultsDirectory="be09cb73-b122-4fb8-9441-1dd5ec69a8e5" />
    <UnitTestResult executionId="d380a57f-2574-4801-8df7-9ab36e6fc5d1" testId="ccce31f2-659a-7749-94e4-57bd3018652c" testName="EcommerceNashApp.Tests.Services.IdentityServiceTests.RegisterAsync_WithMismatchedPasswords_ThrowsAppException" computerName="LUANTANGPC" duration="00:00:00.0028268" startTime="2025-05-07T11:45:59.4743517+07:00" endTime="2025-05-07T11:45:59.4743518+07:00" testType="13cdc9d9-ddb5-4fa4-a97d-d965ccfc6d4b" outcome="Passed" testListId="8c84fa94-04c1-424b-9868-57a2d4851a1d" relativeResultsDirectory="d380a57f-2574-4801-8df7-9ab36e6fc5d1" />
    <UnitTestResult executionId="e80761cc-b717-4d4c-bce0-c0e5a8e9809c" testId="8f4aeb1b-bc19-81fd-4fa0-46eccdb467cc" testName="EcommerceNashApp.Tests.Services.IdentityServiceTests.RefreshTokenAsync_WithValidToken_ReturnsTokenResponse" computerName="LUANTANGPC" duration="00:00:00.0025501" startTime="2025-05-07T11:45:59.4758844+07:00" endTime="2025-05-07T11:45:59.4758845+07:00" testType="13cdc9d9-ddb5-4fa4-a97d-d965ccfc6d4b" outcome="Passed" testListId="8c84fa94-04c1-424b-9868-57a2d4851a1d" relativeResultsDirectory="e80761cc-b717-4d4c-bce0-c0e5a8e9809c" />
    <UnitTestResult executionId="71bcb227-2854-4c7a-a244-780fa822817e" testId="9a55236d-32d1-c564-fc43-39d88613457b" testName="EcommerceNashApp.Tests.Services.IdentityServiceTests.LoginAsync_WithInvalidCredentials_ThrowsAppException" computerName="LUANTANGPC" duration="00:00:00.0020349" startTime="2025-05-07T11:45:59.4754576+07:00" endTime="2025-05-07T11:45:59.4754577+07:00" testType="13cdc9d9-ddb5-4fa4-a97d-d965ccfc6d4b" outcome="Passed" testListId="8c84fa94-04c1-424b-9868-57a2d4851a1d" relativeResultsDirectory="71bcb227-2854-4c7a-a244-780fa822817e" />
    <UnitTestResult executionId="8d0616a2-5039-49ab-b698-1afb9aa4942c" testId="1a76095e-0b26-d04d-e338-d000633228d2" testName="EcommerceNashApp.Test.Services.ProductServiceTests.GetProductByIdAsync_WhenProductExists_ReturnsProductResponse" computerName="LUANTANGPC" duration="00:00:00.0032359" startTime="2025-05-07T11:45:59.4744201+07:00" endTime="2025-05-07T11:45:59.4744201+07:00" testType="13cdc9d9-ddb5-4fa4-a97d-d965ccfc6d4b" outcome="Passed" testListId="8c84fa94-04c1-424b-9868-57a2d4851a1d" relativeResultsDirectory="8d0616a2-5039-49ab-b698-1afb9aa4942c" />
    <UnitTestResult executionId="8b22b993-adc8-4d54-877e-601d305ab739" testId="5dee42c5-8321-995d-798a-2e649101af57" testName="EcommerceNashApp.Tests.Services.IdentityServiceTests.GetCurrentUserAsync_WithValidUserId_ReturnsAuthResponse" computerName="LUANTANGPC" duration="00:00:00.0561182" startTime="2025-05-07T11:45:59.4543924+07:00" endTime="2025-05-07T11:45:59.4543924+07:00" testType="13cdc9d9-ddb5-4fa4-a97d-d965ccfc6d4b" outcome="Passed" testListId="8c84fa94-04c1-424b-9868-57a2d4851a1d" relativeResultsDirectory="8b22b993-adc8-4d54-877e-601d305ab739" />
    <UnitTestResult executionId="8bd92dea-a991-4ffa-aa7e-7e204463798d" testId="954d1053-5b1a-48a3-f046-62a28996c255" testName="EcommerceNashApp.Tests.Services.IdentityServiceTests.GetCurrentUserAsync_WithInvalidUserId_ThrowsAppException" computerName="LUANTANGPC" duration="00:00:00.0009500" startTime="2025-05-07T11:45:59.4755040+07:00" endTime="2025-05-07T11:45:59.4755040+07:00" testType="13cdc9d9-ddb5-4fa4-a97d-d965ccfc6d4b" outcome="Passed" testListId="8c84fa94-04c1-424b-9868-57a2d4851a1d" relativeResultsDirectory="8bd92dea-a991-4ffa-aa7e-7e204463798d" />
    <UnitTestResult executionId="9dc26b62-52b2-4d03-bc98-6eff34609097" testId="60c3b96c-05a0-1e40-3765-33752f56964c" testName="EcommerceNashApp.Test.Services.ProductServiceTests.CreateProductAsync_WithValidRequest_ReturnsProductResponse" computerName="LUANTANGPC" duration="00:00:00.0596298" startTime="2025-05-07T11:45:59.4742052+07:00" endTime="2025-05-07T11:45:59.4742053+07:00" testType="13cdc9d9-ddb5-4fa4-a97d-d965ccfc6d4b" outcome="Passed" testListId="8c84fa94-04c1-424b-9868-57a2d4851a1d" relativeResultsDirectory="9dc26b62-52b2-4d03-bc98-6eff34609097" />
    <UnitTestResult executionId="1b13d581-d226-4a16-b106-93f4958b82fe" testId="6204ff1e-a3ae-ed81-901f-0b6fd0b17db8" testName="EcommerceNashApp.Test.Tests.Services.UserServiceTests.GetUserByIdAsync_WhenUserNotFound_ThrowsAppException" computerName="LUANTANGPC" duration="00:00:00.0535952" startTime="2025-05-07T11:45:59.4520521+07:00" endTime="2025-05-07T11:45:59.4520662+07:00" testType="13cdc9d9-ddb5-4fa4-a97d-d965ccfc6d4b" outcome="Passed" testListId="8c84fa94-04c1-424b-9868-57a2d4851a1d" relativeResultsDirectory="1b13d581-d226-4a16-b106-93f4958b82fe" />
    <UnitTestResult executionId="de21a35d-43ee-437f-b297-f3d83cb90ee5" testId="80f2ace1-75b7-d85a-0a80-c7eeaae8db0d" testName="EcommerceNashApp.Test.Tests.Services.JwtServiceTests.GenerateRefreshToken_ReturnsNonEmptyToken" computerName="LUANTANGPC" duration="00:00:00.0009217" startTime="2025-05-07T11:45:59.4834548+07:00" endTime="2025-05-07T11:45:59.4834549+07:00" testType="13cdc9d9-ddb5-4fa4-a97d-d965ccfc6d4b" outcome="Passed" testListId="8c84fa94-04c1-424b-9868-57a2d4851a1d" relativeResultsDirectory="de21a35d-43ee-437f-b297-f3d83cb90ee5" />
    <UnitTestResult executionId="80a68ef1-0643-40a2-b87c-27bc1b85e934" testId="0ef61d80-83c2-4f7f-55b0-2381c9118d10" testName="EcommerceNashApp.Tests.Services.IdentityServiceTests.LoginAsync_WithValidCredentials_ReturnsTokenResponse" computerName="LUANTANGPC" duration="00:00:00.0105833" startTime="2025-05-07T11:45:59.4755999+07:00" endTime="2025-05-07T11:45:59.4756000+07:00" testType="13cdc9d9-ddb5-4fa4-a97d-d965ccfc6d4b" outcome="Passed" testListId="8c84fa94-04c1-424b-9868-57a2d4851a1d" relativeResultsDirectory="80a68ef1-0643-40a2-b87c-27bc1b85e934" />
    <UnitTestResult executionId="b6fac040-94ef-44b4-8311-12cabb9f1076" testId="61c60d43-71d1-f49b-a355-f1e665ec8e1c" testName="EcommerceNashApp.Test.Tests.Services.JwtServiceTests.GenerateToken_WithValidUser_ReturnsToken" computerName="LUANTANGPC" duration="00:00:00.0886682" startTime="2025-05-07T11:45:59.4824809+07:00" endTime="2025-05-07T11:45:59.4824811+07:00" testType="13cdc9d9-ddb5-4fa4-a97d-d965ccfc6d4b" outcome="Passed" testListId="8c84fa94-04c1-424b-9868-57a2d4851a1d" relativeResultsDirectory="b6fac040-94ef-44b4-8311-12cabb9f1076" />
    <UnitTestResult executionId="d0c08da8-3bb6-4879-8ed3-d78ae03b8e16" testId="8e447bc2-3fc4-e2d3-7a69-d63b94363aaa" testName="EcommerceNashApp.Tests.Services.IdentityServiceTests.RegisterAsync_WithDuplicateEmail_ThrowsAppException" computerName="LUANTANGPC" duration="00:00:00.0013783" startTime="2025-05-07T11:45:59.4754119+07:00" endTime="2025-05-07T11:45:59.4754120+07:00" testType="13cdc9d9-ddb5-4fa4-a97d-d965ccfc6d4b" outcome="Passed" testListId="8c84fa94-04c1-424b-9868-57a2d4851a1d" relativeResultsDirectory="d0c08da8-3bb6-4879-8ed3-d78ae03b8e16" />
  </Results>
  <TestDefinitions>
    <UnitTest name="EcommerceNashApp.Test.Tests.Services.JwtServiceTests.GenerateRefreshToken_ReturnsNonEmptyToken" storage="d:\coding\nash-project\assignment_1\ecommercenashapp\ecommercenashapp.test\bin\debug\net9.0\ecommercenashapp.infrastructure.test.dll" id="80f2ace1-75b7-d85a-0a80-c7eeaae8db0d">
      <Execution id="de21a35d-43ee-437f-b297-f3d83cb90ee5" />
      <TestMethod codeBase="D:\Coding\Nash-Project\Assignment_1\EcommerceNashApp\EcommerceNashApp.Test\bin\Debug\net9.0\EcommerceNashApp.Infrastructure.Test.dll" adapterTypeName="executor://xunit/VsTestRunner2/netcoreapp" className="EcommerceNashApp.Test.Tests.Services.JwtServiceTests" name="GenerateRefreshToken_ReturnsNonEmptyToken" />
    </UnitTest>
    <UnitTest name="EcommerceNashApp.Test.Tests.Services.RatingServiceTests.CreateRatingAsync_WhenRatingExists_ThrowsAppException" storage="d:\coding\nash-project\assignment_1\ecommercenashapp\ecommercenashapp.test\bin\debug\net9.0\ecommercenashapp.infrastructure.test.dll" id="0b62b2fc-b945-39b9-a49b-4fa88f2efe37">
      <Execution id="77c971ca-559e-4f38-a8a9-a7cbd9f5eddd" />
      <TestMethod codeBase="D:\Coding\Nash-Project\Assignment_1\EcommerceNashApp\EcommerceNashApp.Test\bin\Debug\net9.0\EcommerceNashApp.Infrastructure.Test.dll" adapterTypeName="executor://xunit/VsTestRunner2/netcoreapp" className="EcommerceNashApp.Test.Tests.Services.RatingServiceTests" name="CreateRatingAsync_WhenRatingExists_ThrowsAppException" />
    </UnitTest>
    <UnitTest name="EcommerceNashApp.Tests.Services.IdentityServiceTests.GetCurrentUserAsync_WithValidUserId_ReturnsAuthResponse" storage="d:\coding\nash-project\assignment_1\ecommercenashapp\ecommercenashapp.test\bin\debug\net9.0\ecommercenashapp.infrastructure.test.dll" id="5dee42c5-8321-995d-798a-2e649101af57">
      <Execution id="8b22b993-adc8-4d54-877e-601d305ab739" />
      <TestMethod codeBase="D:\Coding\Nash-Project\Assignment_1\EcommerceNashApp\EcommerceNashApp.Test\bin\Debug\net9.0\EcommerceNashApp.Infrastructure.Test.dll" adapterTypeName="executor://xunit/VsTestRunner2/netcoreapp" className="EcommerceNashApp.Tests.Services.IdentityServiceTests" name="GetCurrentUserAsync_WithValidUserId_ReturnsAuthResponse" />
    </UnitTest>
    <UnitTest name="EcommerceNashApp.Tests.Services.IdentityServiceTests.LoginAsync_WithValidCredentials_ReturnsTokenResponse" storage="d:\coding\nash-project\assignment_1\ecommercenashapp\ecommercenashapp.test\bin\debug\net9.0\ecommercenashapp.infrastructure.test.dll" id="0ef61d80-83c2-4f7f-55b0-2381c9118d10">
      <Execution id="80a68ef1-0643-40a2-b87c-27bc1b85e934" />
      <TestMethod codeBase="D:\Coding\Nash-Project\Assignment_1\EcommerceNashApp\EcommerceNashApp.Test\bin\Debug\net9.0\EcommerceNashApp.Infrastructure.Test.dll" adapterTypeName="executor://xunit/VsTestRunner2/netcoreapp" className="EcommerceNashApp.Tests.Services.IdentityServiceTests" name="LoginAsync_WithValidCredentials_ReturnsTokenResponse" />
    </UnitTest>
    <UnitTest name="EcommerceNashApp.Test.Tests.Services.UserServiceTests.GetUsersAsync_ReturnsPagedList" storage="d:\coding\nash-project\assignment_1\ecommercenashapp\ecommercenashapp.test\bin\debug\net9.0\ecommercenashapp.infrastructure.test.dll" id="19c40da1-767a-50c3-9ba2-ae64668c00d3">
      <Execution id="f1f2074d-d175-481f-bb35-529109718bbb" />
      <TestMethod codeBase="D:\Coding\Nash-Project\Assignment_1\EcommerceNashApp\EcommerceNashApp.Test\bin\Debug\net9.0\EcommerceNashApp.Infrastructure.Test.dll" adapterTypeName="executor://xunit/VsTestRunner2/netcoreapp" className="EcommerceNashApp.Test.Tests.Services.UserServiceTests" name="GetUsersAsync_ReturnsPagedList" />
    </UnitTest>
    <UnitTest name="EcommerceNashApp.Test.Tests.Services.UserServiceTests.GetUserByIdAsync_WhenUserNotFound_ThrowsAppException" storage="d:\coding\nash-project\assignment_1\ecommercenashapp\ecommercenashapp.test\bin\debug\net9.0\ecommercenashapp.infrastructure.test.dll" id="6204ff1e-a3ae-ed81-901f-0b6fd0b17db8">
      <Execution id="1b13d581-d226-4a16-b106-93f4958b82fe" />
      <TestMethod codeBase="D:\Coding\Nash-Project\Assignment_1\EcommerceNashApp\EcommerceNashApp.Test\bin\Debug\net9.0\EcommerceNashApp.Infrastructure.Test.dll" adapterTypeName="executor://xunit/VsTestRunner2/netcoreapp" className="EcommerceNashApp.Test.Tests.Services.UserServiceTests" name="GetUserByIdAsync_WhenUserNotFound_ThrowsAppException" />
    </UnitTest>
    <UnitTest name="EcommerceNashApp.Test.Services.ProductServiceTests.GetProductByIdAsync_WhenProductNotFound_ThrowsAppException" storage="d:\coding\nash-project\assignment_1\ecommercenashapp\ecommercenashapp.test\bin\debug\net9.0\ecommercenashapp.infrastructure.test.dll" id="272f78c6-b0cf-a764-e84f-50ce3c933a80">
      <Execution id="31a7788d-31f1-4740-8c2b-5d78ab2d71d7" />
      <TestMethod codeBase="D:\Coding\Nash-Project\Assignment_1\EcommerceNashApp\EcommerceNashApp.Test\bin\Debug\net9.0\EcommerceNashApp.Infrastructure.Test.dll" adapterTypeName="executor://xunit/VsTestRunner2/netcoreapp" className="EcommerceNashApp.Test.Services.ProductServiceTests" name="GetProductByIdAsync_WhenProductNotFound_ThrowsAppException" />
    </UnitTest>
    <UnitTest name="EcommerceNashApp.Tests.Services.IdentityServiceTests.RefreshTokenAsync_WithValidToken_ReturnsTokenResponse" storage="d:\coding\nash-project\assignment_1\ecommercenashapp\ecommercenashapp.test\bin\debug\net9.0\ecommercenashapp.infrastructure.test.dll" id="8f4aeb1b-bc19-81fd-4fa0-46eccdb467cc">
      <Execution id="e80761cc-b717-4d4c-bce0-c0e5a8e9809c" />
      <TestMethod codeBase="D:\Coding\Nash-Project\Assignment_1\EcommerceNashApp\EcommerceNashApp.Test\bin\Debug\net9.0\EcommerceNashApp.Infrastructure.Test.dll" adapterTypeName="executor://xunit/VsTestRunner2/netcoreapp" className="EcommerceNashApp.Tests.Services.IdentityServiceTests" name="RefreshTokenAsync_WithValidToken_ReturnsTokenResponse" />
    </UnitTest>
    <UnitTest name="EcommerceNashApp.Test.Tests.Services.CategoryServiceTests.GetCategoriesAsync_ReturnsPagedList" storage="d:\coding\nash-project\assignment_1\ecommercenashapp\ecommercenashapp.test\bin\debug\net9.0\ecommercenashapp.infrastructure.test.dll" id="dd4fb7d2-316d-e471-17eb-7ef98ef347e7">
      <Execution id="89497af2-35ca-4278-9aa4-237255977c28" />
      <TestMethod codeBase="D:\Coding\Nash-Project\Assignment_1\EcommerceNashApp\EcommerceNashApp.Test\bin\Debug\net9.0\EcommerceNashApp.Infrastructure.Test.dll" adapterTypeName="executor://xunit/VsTestRunner2/netcoreapp" className="EcommerceNashApp.Test.Tests.Services.CategoryServiceTests" name="GetCategoriesAsync_ReturnsPagedList" />
    </UnitTest>
    <UnitTest name="EcommerceNashApp.Tests.Services.IdentityServiceTests.LoginAsync_WithInvalidCredentials_ThrowsAppException" storage="d:\coding\nash-project\assignment_1\ecommercenashapp\ecommercenashapp.test\bin\debug\net9.0\ecommercenashapp.infrastructure.test.dll" id="9a55236d-32d1-c564-fc43-39d88613457b">
      <Execution id="71bcb227-2854-4c7a-a244-780fa822817e" />
      <TestMethod codeBase="D:\Coding\Nash-Project\Assignment_1\EcommerceNashApp\EcommerceNashApp.Test\bin\Debug\net9.0\EcommerceNashApp.Infrastructure.Test.dll" adapterTypeName="executor://xunit/VsTestRunner2/netcoreapp" className="EcommerceNashApp.Tests.Services.IdentityServiceTests" name="LoginAsync_WithInvalidCredentials_ThrowsAppException" />
    </UnitTest>
    <UnitTest name="EcommerceNashApp.Test.Tests.Services.RatingServiceTests.CreateRatingAsync_WithValidRequest_ReturnsRatingResponse" storage="d:\coding\nash-project\assignment_1\ecommercenashapp\ecommercenashapp.test\bin\debug\net9.0\ecommercenashapp.infrastructure.test.dll" id="ea288e57-3b24-e648-7477-1864f33a8bf0">
      <Execution id="aa6242a3-7d9a-4533-a4e7-9a02bfc5c7a0" />
      <TestMethod codeBase="D:\Coding\Nash-Project\Assignment_1\EcommerceNashApp\EcommerceNashApp.Test\bin\Debug\net9.0\EcommerceNashApp.Infrastructure.Test.dll" adapterTypeName="executor://xunit/VsTestRunner2/netcoreapp" className="EcommerceNashApp.Test.Tests.Services.RatingServiceTests" name="CreateRatingAsync_WithValidRequest_ReturnsRatingResponse" />
    </UnitTest>
    <UnitTest name="EcommerceNashApp.Tests.Services.IdentityServiceTests.GetCurrentUserAsync_WithInvalidUserId_ThrowsAppException" storage="d:\coding\nash-project\assignment_1\ecommercenashapp\ecommercenashapp.test\bin\debug\net9.0\ecommercenashapp.infrastructure.test.dll" id="954d1053-5b1a-48a3-f046-62a28996c255">
      <Execution id="8bd92dea-a991-4ffa-aa7e-7e204463798d" />
      <TestMethod codeBase="D:\Coding\Nash-Project\Assignment_1\EcommerceNashApp\EcommerceNashApp.Test\bin\Debug\net9.0\EcommerceNashApp.Infrastructure.Test.dll" adapterTypeName="executor://xunit/VsTestRunner2/netcoreapp" className="EcommerceNashApp.Tests.Services.IdentityServiceTests" name="GetCurrentUserAsync_WithInvalidUserId_ThrowsAppException" />
    </UnitTest>
    <UnitTest name="EcommerceNashApp.Test.Tests.Services.UserServiceTests.GetUserByIdAsync_WhenUserExists_ReturnsUserResponse" storage="d:\coding\nash-project\assignment_1\ecommercenashapp\ecommercenashapp.test\bin\debug\net9.0\ecommercenashapp.infrastructure.test.dll" id="79886dd2-f24b-9f3d-8c46-e805cc897023">
      <Execution id="a366aaa7-e802-48c8-bad8-b0af6819212c" />
      <TestMethod codeBase="D:\Coding\Nash-Project\Assignment_1\EcommerceNashApp\EcommerceNashApp.Test\bin\Debug\net9.0\EcommerceNashApp.Infrastructure.Test.dll" adapterTypeName="executor://xunit/VsTestRunner2/netcoreapp" className="EcommerceNashApp.Test.Tests.Services.UserServiceTests" name="GetUserByIdAsync_WhenUserExists_ReturnsUserResponse" />
    </UnitTest>
    <UnitTest name="EcommerceNashApp.Tests.Services.IdentityServiceTests.RegisterAsync_WithMismatchedPasswords_ThrowsAppException" storage="d:\coding\nash-project\assignment_1\ecommercenashapp\ecommercenashapp.test\bin\debug\net9.0\ecommercenashapp.infrastructure.test.dll" id="ccce31f2-659a-7749-94e4-57bd3018652c">
      <Execution id="d380a57f-2574-4801-8df7-9ab36e6fc5d1" />
      <TestMethod codeBase="D:\Coding\Nash-Project\Assignment_1\EcommerceNashApp\EcommerceNashApp.Test\bin\Debug\net9.0\EcommerceNashApp.Infrastructure.Test.dll" adapterTypeName="executor://xunit/VsTestRunner2/netcoreapp" className="EcommerceNashApp.Tests.Services.IdentityServiceTests" name="RegisterAsync_WithMismatchedPasswords_ThrowsAppException" />
    </UnitTest>
    <UnitTest name="EcommerceNashApp.Test.Tests.Services.CategoryServiceTests.CreateCategoryAsync_WithValidRequest_ReturnsCategoryResponse" storage="d:\coding\nash-project\assignment_1\ecommercenashapp\ecommercenashapp.test\bin\debug\net9.0\ecommercenashapp.infrastructure.test.dll" id="12994ba5-a83f-0cdb-669c-f31f26368661">
      <Execution id="be09cb73-b122-4fb8-9441-1dd5ec69a8e5" />
      <TestMethod codeBase="D:\Coding\Nash-Project\Assignment_1\EcommerceNashApp\EcommerceNashApp.Test\bin\Debug\net9.0\EcommerceNashApp.Infrastructure.Test.dll" adapterTypeName="executor://xunit/VsTestRunner2/netcoreapp" className="EcommerceNashApp.Test.Tests.Services.CategoryServiceTests" name="CreateCategoryAsync_WithValidRequest_ReturnsCategoryResponse" />
    </UnitTest>
    <UnitTest name="EcommerceNashApp.Test.Services.ProductServiceTests.CreateProductAsync_WithValidRequest_ReturnsProductResponse" storage="d:\coding\nash-project\assignment_1\ecommercenashapp\ecommercenashapp.test\bin\debug\net9.0\ecommercenashapp.infrastructure.test.dll" id="60c3b96c-05a0-1e40-3765-33752f56964c">
      <Execution id="9dc26b62-52b2-4d03-bc98-6eff34609097" />
      <TestMethod codeBase="D:\Coding\Nash-Project\Assignment_1\EcommerceNashApp\EcommerceNashApp.Test\bin\Debug\net9.0\EcommerceNashApp.Infrastructure.Test.dll" adapterTypeName="executor://xunit/VsTestRunner2/netcoreapp" className="EcommerceNashApp.Test.Services.ProductServiceTests" name="CreateProductAsync_WithValidRequest_ReturnsProductResponse" />
    </UnitTest>
    <UnitTest name="EcommerceNashApp.Tests.Services.IdentityServiceTests.RegisterAsync_WithValidRequest_ReturnsTokenResponse" storage="d:\coding\nash-project\assignment_1\ecommercenashapp\ecommercenashapp.test\bin\debug\net9.0\ecommercenashapp.infrastructure.test.dll" id="aae55fbe-ef99-3e86-a8c5-47e8d958bb7d">
      <Execution id="471fa072-2d83-492b-99e1-3695eb7aff03" />
      <TestMethod codeBase="D:\Coding\Nash-Project\Assignment_1\EcommerceNashApp\EcommerceNashApp.Test\bin\Debug\net9.0\EcommerceNashApp.Infrastructure.Test.dll" adapterTypeName="executor://xunit/VsTestRunner2/netcoreapp" className="EcommerceNashApp.Tests.Services.IdentityServiceTests" name="RegisterAsync_WithValidRequest_ReturnsTokenResponse" />
    </UnitTest>
    <UnitTest name="EcommerceNashApp.Tests.Services.IdentityServiceTests.RefreshTokenAsync_WithExpiredToken_ThrowsAppException" storage="d:\coding\nash-project\assignment_1\ecommercenashapp\ecommercenashapp.test\bin\debug\net9.0\ecommercenashapp.infrastructure.test.dll" id="1701b2a2-b423-83f6-4fff-d7503973787d">
      <Execution id="e9d0b3df-dea4-4b6c-a99b-6af6c6543bb6" />
      <TestMethod codeBase="D:\Coding\Nash-Project\Assignment_1\EcommerceNashApp\EcommerceNashApp.Test\bin\Debug\net9.0\EcommerceNashApp.Infrastructure.Test.dll" adapterTypeName="executor://xunit/VsTestRunner2/netcoreapp" className="EcommerceNashApp.Tests.Services.IdentityServiceTests" name="RefreshTokenAsync_WithExpiredToken_ThrowsAppException" />
    </UnitTest>
    <UnitTest name="EcommerceNashApp.Test.Tests.Services.JwtServiceTests.GenerateToken_WithValidUser_ReturnsToken" storage="d:\coding\nash-project\assignment_1\ecommercenashapp\ecommercenashapp.test\bin\debug\net9.0\ecommercenashapp.infrastructure.test.dll" id="61c60d43-71d1-f49b-a355-f1e665ec8e1c">
      <Execution id="b6fac040-94ef-44b4-8311-12cabb9f1076" />
      <TestMethod codeBase="D:\Coding\Nash-Project\Assignment_1\EcommerceNashApp\EcommerceNashApp.Test\bin\Debug\net9.0\EcommerceNashApp.Infrastructure.Test.dll" adapterTypeName="executor://xunit/VsTestRunner2/netcoreapp" className="EcommerceNashApp.Test.Tests.Services.JwtServiceTests" name="GenerateToken_WithValidUser_ReturnsToken" />
    </UnitTest>
    <UnitTest name="EcommerceNashApp.Test.Tests.Services.CategoryServiceTests.DeleteCategoryAsync_WhenCategoryHasSubCategories_ThrowsAppException" storage="d:\coding\nash-project\assignment_1\ecommercenashapp\ecommercenashapp.test\bin\debug\net9.0\ecommercenashapp.infrastructure.test.dll" id="8e9e58c7-361c-2fbc-856f-3b7f4d7832dc">
      <Execution id="f7a6df8c-9fe4-4339-839d-d0ad4e6b791c" />
      <TestMethod codeBase="D:\Coding\Nash-Project\Assignment_1\EcommerceNashApp\EcommerceNashApp.Test\bin\Debug\net9.0\EcommerceNashApp.Infrastructure.Test.dll" adapterTypeName="executor://xunit/VsTestRunner2/netcoreapp" className="EcommerceNashApp.Test.Tests.Services.CategoryServiceTests" name="DeleteCategoryAsync_WhenCategoryHasSubCategories_ThrowsAppException" />
    </UnitTest>
    <UnitTest name="EcommerceNashApp.Test.Services.ProductServiceTests.GetProductsAsync_ReturnsPagedList" storage="d:\coding\nash-project\assignment_1\ecommercenashapp\ecommercenashapp.test\bin\debug\net9.0\ecommercenashapp.infrastructure.test.dll" id="73cb8592-8a50-ca4d-ee1a-a75eb3ad3c9f">
      <Execution id="001c9324-8fc8-4eb3-9401-7587cc0e4775" />
      <TestMethod codeBase="D:\Coding\Nash-Project\Assignment_1\EcommerceNashApp\EcommerceNashApp.Test\bin\Debug\net9.0\EcommerceNashApp.Infrastructure.Test.dll" adapterTypeName="executor://xunit/VsTestRunner2/netcoreapp" className="EcommerceNashApp.Test.Services.ProductServiceTests" name="GetProductsAsync_ReturnsPagedList" />
    </UnitTest>
    <UnitTest name="EcommerceNashApp.Tests.Services.IdentityServiceTests.RegisterAsync_WithDuplicateEmail_ThrowsAppException" storage="d:\coding\nash-project\assignment_1\ecommercenashapp\ecommercenashapp.test\bin\debug\net9.0\ecommercenashapp.infrastructure.test.dll" id="8e447bc2-3fc4-e2d3-7a69-d63b94363aaa">
      <Execution id="d0c08da8-3bb6-4879-8ed3-d78ae03b8e16" />
      <TestMethod codeBase="D:\Coding\Nash-Project\Assignment_1\EcommerceNashApp\EcommerceNashApp.Test\bin\Debug\net9.0\EcommerceNashApp.Infrastructure.Test.dll" adapterTypeName="executor://xunit/VsTestRunner2/netcoreapp" className="EcommerceNashApp.Tests.Services.IdentityServiceTests" name="RegisterAsync_WithDuplicateEmail_ThrowsAppException" />
    </UnitTest>
    <UnitTest name="EcommerceNashApp.Test.Services.ProductServiceTests.GetProductByIdAsync_WhenProductExists_ReturnsProductResponse" storage="d:\coding\nash-project\assignment_1\ecommercenashapp\ecommercenashapp.test\bin\debug\net9.0\ecommercenashapp.infrastructure.test.dll" id="1a76095e-0b26-d04d-e338-d000633228d2">
      <Execution id="8d0616a2-5039-49ab-b698-1afb9aa4942c" />
      <TestMethod codeBase="D:\Coding\Nash-Project\Assignment_1\EcommerceNashApp\EcommerceNashApp.Test\bin\Debug\net9.0\EcommerceNashApp.Infrastructure.Test.dll" adapterTypeName="executor://xunit/VsTestRunner2/netcoreapp" className="EcommerceNashApp.Test.Services.ProductServiceTests" name="GetProductByIdAsync_WhenProductExists_ReturnsProductResponse" />
    </UnitTest>
  </TestDefinitions>
  <TestEntries>
    <TestEntry testId="79886dd2-f24b-9f3d-8c46-e805cc897023" executionId="a366aaa7-e802-48c8-bad8-b0af6819212c" testListId="8c84fa94-04c1-424b-9868-57a2d4851a1d" />
    <TestEntry testId="272f78c6-b0cf-a764-e84f-50ce3c933a80" executionId="31a7788d-31f1-4740-8c2b-5d78ab2d71d7" testListId="8c84fa94-04c1-424b-9868-57a2d4851a1d" />
    <TestEntry testId="1701b2a2-b423-83f6-4fff-d7503973787d" executionId="e9d0b3df-dea4-4b6c-a99b-6af6c6543bb6" testListId="8c84fa94-04c1-424b-9868-57a2d4851a1d" />
    <TestEntry testId="0b62b2fc-b945-39b9-a49b-4fa88f2efe37" executionId="77c971ca-559e-4f38-a8a9-a7cbd9f5eddd" testListId="8c84fa94-04c1-424b-9868-57a2d4851a1d" />
    <TestEntry testId="8e9e58c7-361c-2fbc-856f-3b7f4d7832dc" executionId="f7a6df8c-9fe4-4339-839d-d0ad4e6b791c" testListId="8c84fa94-04c1-424b-9868-57a2d4851a1d" />
    <TestEntry testId="19c40da1-767a-50c3-9ba2-ae64668c00d3" executionId="f1f2074d-d175-481f-bb35-529109718bbb" testListId="8c84fa94-04c1-424b-9868-57a2d4851a1d" />
    <TestEntry testId="ea288e57-3b24-e648-7477-1864f33a8bf0" executionId="aa6242a3-7d9a-4533-a4e7-9a02bfc5c7a0" testListId="8c84fa94-04c1-424b-9868-57a2d4851a1d" />
    <TestEntry testId="73cb8592-8a50-ca4d-ee1a-a75eb3ad3c9f" executionId="001c9324-8fc8-4eb3-9401-7587cc0e4775" testListId="8c84fa94-04c1-424b-9868-57a2d4851a1d" />
    <TestEntry testId="aae55fbe-ef99-3e86-a8c5-47e8d958bb7d" executionId="471fa072-2d83-492b-99e1-3695eb7aff03" testListId="8c84fa94-04c1-424b-9868-57a2d4851a1d" />
    <TestEntry testId="dd4fb7d2-316d-e471-17eb-7ef98ef347e7" executionId="89497af2-35ca-4278-9aa4-237255977c28" testListId="8c84fa94-04c1-424b-9868-57a2d4851a1d" />
    <TestEntry testId="12994ba5-a83f-0cdb-669c-f31f26368661" executionId="be09cb73-b122-4fb8-9441-1dd5ec69a8e5" testListId="8c84fa94-04c1-424b-9868-57a2d4851a1d" />
    <TestEntry testId="ccce31f2-659a-7749-94e4-57bd3018652c" executionId="d380a57f-2574-4801-8df7-9ab36e6fc5d1" testListId="8c84fa94-04c1-424b-9868-57a2d4851a1d" />
    <TestEntry testId="8f4aeb1b-bc19-81fd-4fa0-46eccdb467cc" executionId="e80761cc-b717-4d4c-bce0-c0e5a8e9809c" testListId="8c84fa94-04c1-424b-9868-57a2d4851a1d" />
    <TestEntry testId="9a55236d-32d1-c564-fc43-39d88613457b" executionId="71bcb227-2854-4c7a-a244-780fa822817e" testListId="8c84fa94-04c1-424b-9868-57a2d4851a1d" />
    <TestEntry testId="1a76095e-0b26-d04d-e338-d000633228d2" executionId="8d0616a2-5039-49ab-b698-1afb9aa4942c" testListId="8c84fa94-04c1-424b-9868-57a2d4851a1d" />
    <TestEntry testId="5dee42c5-8321-995d-798a-2e649101af57" executionId="8b22b993-adc8-4d54-877e-601d305ab739" testListId="8c84fa94-04c1-424b-9868-57a2d4851a1d" />
    <TestEntry testId="954d1053-5b1a-48a3-f046-62a28996c255" executionId="8bd92dea-a991-4ffa-aa7e-7e204463798d" testListId="8c84fa94-04c1-424b-9868-57a2d4851a1d" />
    <TestEntry testId="60c3b96c-05a0-1e40-3765-33752f56964c" executionId="9dc26b62-52b2-4d03-bc98-6eff34609097" testListId="8c84fa94-04c1-424b-9868-57a2d4851a1d" />
    <TestEntry testId="6204ff1e-a3ae-ed81-901f-0b6fd0b17db8" executionId="1b13d581-d226-4a16-b106-93f4958b82fe" testListId="8c84fa94-04c1-424b-9868-57a2d4851a1d" />
    <TestEntry testId="80f2ace1-75b7-d85a-0a80-c7eeaae8db0d" executionId="de21a35d-43ee-437f-b297-f3d83cb90ee5" testListId="8c84fa94-04c1-424b-9868-57a2d4851a1d" />
    <TestEntry testId="0ef61d80-83c2-4f7f-55b0-2381c9118d10" executionId="80a68ef1-0643-40a2-b87c-27bc1b85e934" testListId="8c84fa94-04c1-424b-9868-57a2d4851a1d" />
    <TestEntry testId="61c60d43-71d1-f49b-a355-f1e665ec8e1c" executionId="b6fac040-94ef-44b4-8311-12cabb9f1076" testListId="8c84fa94-04c1-424b-9868-57a2d4851a1d" />
    <TestEntry testId="8e447bc2-3fc4-e2d3-7a69-d63b94363aaa" executionId="d0c08da8-3bb6-4879-8ed3-d78ae03b8e16" testListId="8c84fa94-04c1-424b-9868-57a2d4851a1d" />
  </TestEntries>
  <TestLists>
    <TestList name="Results Not in a List" id="8c84fa94-04c1-424b-9868-57a2d4851a1d" />
    <TestList name="All Loaded Results" id="19431567-8539-422a-85d7-44ee4e166bda" />
  </TestLists>
  <ResultSummary outcome="Completed">
    <Counters total="23" executed="23" passed="23" failed="0" error="0" timeout="0" aborted="0" inconclusive="0" passedButRunAborted="0" notRunnable="0" notExecuted="0" disconnected="0" warning="0" completed="0" inProgress="0" pending="0" />
    <Output>
      <StdOut>[xUnit.net 00:00:00.00] xUnit.net VSTest Adapter v2.8.2+699d445a1a (64-bit .NET 9.0.2)&#xD;
[xUnit.net 00:00:00.06]   Discovering: EcommerceNashApp.Infrastructure.Test&#xD;
[xUnit.net 00:00:00.08]   Discovered:  EcommerceNashApp.Infrastructure.Test&#xD;
[xUnit.net 00:00:00.08]   Starting:    EcommerceNashApp.Infrastructure.Test&#xD;
[xUnit.net 00:00:00.20]   Finished:    EcommerceNashApp.Infrastructure.Test&#xD;
</StdOut>
    </Output>
  </ResultSummary>
</TestRun>